
> vierkorken@1.0.0 build
> prisma generate && next build

Prisma schema loaded from prisma\schema.prisma

Ô£ö Generated Prisma Client (v6.0.1) to .\node_modules\@prisma\client in 422ms

Start by importing your Prisma Client (See: https://pris.ly/d/importing-client)

Tip: Interested in query caching in just a few lines of code? Try Accelerate today! https://pris.ly/tip-3-accelerate

   Ôû▓ Next.js 15.5.6
   - Experiments (use with caution):
     Ô£ô optimizeCss
     ┬À optimizePackageImports

   Creating an optimized production build ...
 Ô£ô Compiled successfully in 24.3s
   Linting and checking validity of types ...
